
[1m============================================================[0m
[1m  Value Line 报告生成 — 确认页[0m
[1m============================================================[0m
  企业:      泡泡玛特
  代码:      09992.SEHK
  市场:      港股(H股)
  行业:      Consumer
  报表币种:   CNY
  数据年份:   2017-2025
  估值方法:   CF=15.0x
  历史参考:   历史PE均值 (2020-2025) = 63.5x
[1m============================================================[0m

[1m  >>> 开始生成 泡泡玛特 (09992), CF=15.0x <<<[0m

[1m============================================================[0m
[1m  泡泡玛特 (09992) - Value Line Pipeline[0m
[1m============================================================[0m
  Step 0: 泡泡玛特 (09992) config [32mOK[0m
  Step 1: DB已存在 (376KB), 跳过拉取
  Step 2: 已有 11 份PDF, 跳过下载
  Step 3: mda_text已存在 (203 chars), 跳过提取
  Step 4: revenue_structure已存在 (16条), 跳过
  Step 5: config final [32mOK[0m
  Step 6: 计算指标...
  Step 6: [32mOK[0m (years=9, kline=67m)
  Step 7: 生成HTML...
  Step 7: [32mOK[0m (c:\LY\Repo\llm\value-line\report\POP_MART.html [85KB])
    [32m[PASS][0m Header.Price
    [32m[PASS][0m Header.P/E
    [32m[PASS][0m Header.EPS TTM
    [32m[PASS][0m Header.EPS HKD
    [32m[PASS][0m Header.P/B
    [32m[PASS][0m Header.Div Yld
    [32m[PASS][0m Header.Median PE
    [32m[PASS][0m Header.MktCap
    [32m[PASS][0m Stat.PER_OI
    [32m[PASS][0m Stat.PER_NETCASH
    [32m[PASS][0m Stat.BASIC_EPS
    [32m[PASS][0m Stat.DPS
    [32m[PASS][0m Stat.CAPEX_PS
    [32m[PASS][0m Stat.BPS
    [32m[PASS][0m Stat.TOTAL_SHARES
    [32m[PASS][0m Stat.PE_AVG
    [32m[PASS][0m Stat.PE_RELATIVE
    [32m[PASS][0m Stat.DIV_YIELD
    [32m[PASS][0m Stat.OPERATE_INCOME
    [32m[PASS][0m Stat.GROSS_MARGIN
    [32m[PASS][0m Stat.OP_MARGIN
    [32m[PASS][0m Stat.DEPRECIATION
    [32m[PASS][0m Stat.HOLDER_PROFIT
    [32m[PASS][0m Stat.TAX_EBT
    [32m[PASS][0m Stat.NET_PROFIT_RATIO
    [32m[PASS][0m Stat.WORKING_CAPITAL
    [32m[PASS][0m Stat.LT_DEBT
    [32m[PASS][0m Stat.TOTAL_EQUITY
    [32m[PASS][0m Stat.ROIC
    [32m[PASS][0m Stat.ROE
    [32m[PASS][0m Stat.RETAINED_RATIO
    [32m[PASS][0m Stat.PAYOUT_RATIO
    [32m[PASS][0m CapStr.total_assets
    [32m[PASS][0m CapStr.total_debt
    [32m[PASS][0m CapStr.total_equity
    [32m[PASS][0m CapStr.cash
    [32m[PASS][0m CapStr.inventory
    [32m[PASS][0m CapStr.receivables
    [32m[PASS][0m CapStr.lt_debt
    [32m[PASS][0m CapStr.due_in_5yr
    [32m[PASS][0m CapStr.total_int
    [32m[PASS][0m CapStr.coverage
    [32m[PASS][0m CapStr.lt_debt_pct
    [32m[PASS][0m CapStr.mkt_cap
    [32m[PASS][0m CapStr.common_shares_str
    [32m[PASS][0m CapStr.common_shares_raw
    [32m[PASS][0m CapStr.mda_text (203c)
    [32m[PASS][0m CurPos (9items×3y)
    [32m[PASS][0m CAGR.sales
    [32m[PASS][0m CAGR.cashflow
    [32m[PASS][0m CAGR.earnings
    [32m[PASS][0m CAGR.dividends
    [32m[PASS][0m CAGR.book_value
    [32m[PASS][0m Qtr.sales (7y)
    [32m[PASS][0m Qtr.eps (7y)
    [32m[PASS][0m Qtr.dividends (9y)
    [32m[PASS][0m Kline (67m)
    [32m[PASS][0m Index (155m)
    [32m[PASS][0m CF Line (9pts)
    [32m[PASS][0m Yr H/L (6y)
    [32m[PASS][0m TotalReturns
    [32m[PASS][0m Revenue (3dims)
    [32m[PASS][0m Commentary
    [32m[PASS][0m Business
    [31m[FAIL][0m CrossCheck (40/46, 4mismatch@2018+)
    [32m[PASS][0m Meta.name_en
    [32m[PASS][0m Meta.name
    [32m[PASS][0m Meta.code
    [32m[PASS][0m Meta.market
    [32m[PASS][0m Meta.currency
    [32m[PASS][0m Meta.price_ccy
    [32m[PASS][0m Meta.rpt_ccy

[31m[1m  BUILD FAILED: 09992[0m[0m
  [31m
  FAIL: 1/72项缺失[0m

